// Jest Snapshot v1, https://goo.gl/fbAQLP

exports[`User tests Snapshot test 1`] = `
Object {
  "asFragment": [Function],
  "baseElement": <body>
    <div>
      <div
        class="user-row"
      >
        <div
          class="user-avatar-column"
        >
          <img
            alt="Avatar of Sarah Edo"
            class="avatar-small"
            src="../../images/snow.jpg"
          />
          <span
            class="span-inline"
          >
            <h3>
              sarahedo
            </h3>
          </span>
          <div
            class="user-username"
          >
            Sarah Edo
          </div>
        </div>
        <div
          class="user-activity-count"
          data-testid="answer-output"
        >
          4
        </div>
        <span
          class="span-columndivider"
        />
        <div
          class="user-activity-count"
          data-testid="question-output"
        >
          2
        </div>
      </div>
    </div>
  </body>,
  "container": <div>
    <div
      class="user-row"
    >
      <div
        class="user-avatar-column"
      >
        <img
          alt="Avatar of Sarah Edo"
          class="avatar-small"
          src="../../images/snow.jpg"
        />
        <span
          class="span-inline"
        >
          <h3>
            sarahedo
          </h3>
        </span>
        <div
          class="user-username"
        >
          Sarah Edo
        </div>
      </div>
      <div
        class="user-activity-count"
        data-testid="answer-output"
      >
        4
      </div>
      <span
        class="span-columndivider"
      />
      <div
        class="user-activity-count"
        data-testid="question-output"
      >
        2
      </div>
    </div>
  </div>,
  "debug": [Function],
  "findAllByAltText": [Function],
  "findAllByDisplayValue": [Function],
  "findAllByLabelText": [Function],
  "findAllByPlaceholderText": [Function],
  "findAllByRole": [Function],
  "findAllByTestId": [Function],
  "findAllByText": [Function],
  "findAllByTitle": [Function],
  "findByAltText": [Function],
  "findByDisplayValue": [Function],
  "findByLabelText": [Function],
  "findByPlaceholderText": [Function],
  "findByRole": [Function],
  "findByTestId": [Function],
  "findByText": [Function],
  "findByTitle": [Function],
  "getAllByAltText": [Function],
  "getAllByDisplayValue": [Function],
  "getAllByLabelText": [Function],
  "getAllByPlaceholderText": [Function],
  "getAllByRole": [Function],
  "getAllByTestId": [Function],
  "getAllByText": [Function],
  "getAllByTitle": [Function],
  "getByAltText": [Function],
  "getByDisplayValue": [Function],
  "getByLabelText": [Function],
  "getByPlaceholderText": [Function],
  "getByRole": [Function],
  "getByTestId": [Function],
  "getByText": [Function],
  "getByTitle": [Function],
  "queryAllByAltText": [Function],
  "queryAllByDisplayValue": [Function],
  "queryAllByLabelText": [Function],
  "queryAllByPlaceholderText": [Function],
  "queryAllByRole": [Function],
  "queryAllByTestId": [Function],
  "queryAllByText": [Function],
  "queryAllByTitle": [Function],
  "queryByAltText": [Function],
  "queryByDisplayValue": [Function],
  "queryByLabelText": [Function],
  "queryByPlaceholderText": [Function],
  "queryByRole": [Function],
  "queryByTestId": [Function],
  "queryByText": [Function],
  "queryByTitle": [Function],
  "rerender": [Function],
  "unmount": [Function],
}
`;
